// Jest Snapshot v1, https://goo.gl/fbAQLP

exports[`Sort Table tests Expected number of rows in table 1`] = `
<CustContainer
  fluid={true}
  ui="bootstrap"
>
  <GridRow
    style={
      Object {
        "marginBottom": "15px",
      }
    }
    ui="bootstrap"
  >
    <GridCol
      style={Object {}}
      ui="bootstrap"
    />
    <GridCol
      style={
        Object {
          "textAlign": "right",
        }
      }
      ui="bootstrap"
    >
      <Filter
        label="Filter"
        onChange={[Function]}
        ui="bootstrap"
        value=""
      />
    </GridCol>
  </GridRow>
  <GridRow
    style={Object {}}
  >
    <GridCol
      style={Object {}}
    >
      <CustTable
        caption=""
        ui="bootstrap"
      >
        <Head
          ui="bootstrap"
        >
          <Row
            ui="bootstrap"
          >
            <Cell
              colHeader={true}
              id="name"
              key="name"
              rowHeader={false}
              ui="bootstrap"
            >
              <button
                onClick={[Function]}
                style={
                  Object {
                    "background": "none",
                    "border": "none",
                    "padding": "none",
                  }
                }
                type="button"
              >
                <SortIcons
                  sortAsc={true}
                  type="alpha"
                />
                Product Name
              </button>
            </Cell>
            <Cell
              colHeader={true}
              id="price"
              key="price"
              rowHeader={false}
              ui="bootstrap"
            >
              <button
                onClick={[Function]}
                style={
                  Object {
                    "background": "none",
                    "border": "none",
                    "padding": "none",
                  }
                }
                type="button"
              >
                <SortIcons
                  color="#ccc"
                  sortAsc={true}
                  type="sortable"
                />
                Price
              </button>
            </Cell>
            <Cell
              colHeader={true}
              id="stock"
              key="stock"
              rowHeader={false}
              ui="bootstrap"
            >
              <button
                onClick={[Function]}
                style={
                  Object {
                    "background": "none",
                    "border": "none",
                    "padding": "none",
                  }
                }
                type="button"
              >
                <SortIcons
                  color="#ccc"
                  sortAsc={true}
                  type="sortable"
                />
                Stock
              </button>
            </Cell>
            <Cell
              colHeader={true}
              id="url"
              key="url"
              rowHeader={false}
              ui="bootstrap"
            >
              Link
            </Cell>
          </Row>
        </Head>
        <Body
          ui="bootstrap"
        >
          <Row
            key="5"
            ui="bootstrap"
          >
            <Cell
              colHeader={false}
              key="5name"
              rowHeader={false}
              ui="bootstrap"
            >
              Butter
            </Cell>
            <Cell
              colHeader={false}
              key="5price"
              rowHeader={false}
              ui="bootstrap"
            >
              $0.90
            </Cell>
            <Cell
              colHeader={false}
              key="5stock"
              rowHeader={false}
              ui="bootstrap"
            >
              99
            </Cell>
            <Cell
              colHeader={false}
              key="5url"
              rowHeader={false}
              ui="bootstrap"
            />
          </Row>
          <Row
            key="1"
            ui="bootstrap"
          >
            <Cell
              colHeader={false}
              key="1name"
              rowHeader={false}
              ui="bootstrap"
            >
              Cheese
            </Cell>
            <Cell
              colHeader={false}
              key="1price"
              rowHeader={false}
              ui="bootstrap"
            >
              $4.90
            </Cell>
            <Cell
              colHeader={false}
              key="1stock"
              rowHeader={false}
              ui="bootstrap"
            >
              20
            </Cell>
            <Cell
              colHeader={false}
              key="1url"
              rowHeader={false}
              ui="bootstrap"
            />
          </Row>
          <Row
            key="7"
            ui="bootstrap"
          >
            <Cell
              colHeader={false}
              key="7name"
              rowHeader={false}
              ui="bootstrap"
            >
              Fancy French Cheese
            </Cell>
            <Cell
              colHeader={false}
              key="7price"
              rowHeader={false}
              ui="bootstrap"
            >
              $99.0
            </Cell>
            <Cell
              colHeader={false}
              key="7stock"
              rowHeader={false}
              ui="bootstrap"
            >
              15
            </Cell>
            <Cell
              colHeader={false}
              key="7url"
              rowHeader={false}
              ui="bootstrap"
            >
              <a
                href="https://google.com"
              >
                hello google
              </a>
            </Cell>
          </Row>
          <Row
            key="4"
            ui="bootstrap"
          >
            <Cell
              colHeader={false}
              key="4name"
              rowHeader={false}
              ui="bootstrap"
            >
              Heavy Cream
            </Cell>
            <Cell
              colHeader={false}
              key="4price"
              rowHeader={false}
              ui="bootstrap"
            >
              $3.90
            </Cell>
            <Cell
              colHeader={false}
              key="4stock"
              rowHeader={false}
              ui="bootstrap"
            >
              9
            </Cell>
            <Cell
              colHeader={false}
              key="4url"
              rowHeader={false}
              ui="bootstrap"
            />
          </Row>
          <Row
            key="2"
            ui="bootstrap"
          >
            <Cell
              colHeader={false}
              key="2name"
              rowHeader={false}
              ui="bootstrap"
            >
              Milk
            </Cell>
            <Cell
              colHeader={false}
              key="2price"
              rowHeader={false}
              ui="bootstrap"
            >
              $1.90
            </Cell>
            <Cell
              colHeader={false}
              key="2stock"
              rowHeader={false}
              ui="bootstrap"
            >
              4
            </Cell>
            <Cell
              colHeader={false}
              key="2url"
              rowHeader={false}
              ui="bootstrap"
            />
          </Row>
          <Row
            key="6"
            ui="bootstrap"
          >
            <Cell
              colHeader={false}
              key="6name"
              rowHeader={false}
              ui="bootstrap"
            >
              Sour Cream
            </Cell>
            <Cell
              colHeader={false}
              key="6price"
              rowHeader={false}
              ui="bootstrap"
            >
              $2.90
            </Cell>
            <Cell
              colHeader={false}
              key="6stock"
              rowHeader={false}
              ui="bootstrap"
            >
              86
            </Cell>
            <Cell
              colHeader={false}
              key="6url"
              rowHeader={false}
              ui="bootstrap"
            />
          </Row>
          <Row
            key="3"
            ui="bootstrap"
          >
            <Cell
              colHeader={false}
              key="3name"
              rowHeader={false}
              ui="bootstrap"
            >
              Yoghurt
            </Cell>
            <Cell
              colHeader={false}
              key="3price"
              rowHeader={false}
              ui="bootstrap"
            >
              $2.40
            </Cell>
            <Cell
              colHeader={false}
              key="3stock"
              rowHeader={false}
              ui="bootstrap"
            >
              12
            </Cell>
            <Cell
              colHeader={false}
              key="3url"
              rowHeader={false}
              ui="bootstrap"
            />
          </Row>
        </Body>
      </CustTable>
    </GridCol>
  </GridRow>
</CustContainer>
`;
