// Jest Snapshot v1, https://goo.gl/fbAQLP

exports[`Sort Table Rendering Snapshot test 1`] = `
<div>
  <div
    class="container-fluid"
  >
    <div
      class="row"
      style="margin-bottom: 15px;"
    >
      <div
        class="col-sm"
      >
        <div
          data-sort-number-of-inputs="true"
        >
          Show
          <select
            aria-label="Number of items shown"
            class="form-control form-select"
            style="width: 75px; display: inline-block; margin-left: 0.75em; margin-right: 0.75em;"
          >
            <option
              value="1"
            >
              1
            </option>
            <option
              value="2"
            >
              2
            </option>
            <option
              value="4"
            >
              4
            </option>
            <option
              value="10"
            >
              10
            </option>
            <option
              value=""
            >
              All
            </option>
          </select>
          results
        </div>
      </div>
      <div
        class="col-sm"
        style="text-align: right;"
      >
        <div
          class="form-inline justify-content-end"
          data-filter="true"
        >
          <div
            class="form-group"
          >
            <label
              for="sortTableFilterInput"
            >
              Filter
            </label>
            <input
              class="form-control"
              data-filter-input="true"
              id="sortTableFilterInput"
              style="margin-left: 0.75em; display: inline-block; width: 250px;"
              type="text"
              value=""
            />
          </div>
        </div>
      </div>
    </div>
    <div
      class="row"
      style=""
    >
      <table
        aria-describedby="sortTableRowsShownSummary"
        aria-rowcount="12"
        class="table "
        data-sort-responsive-has-list="true"
        id="sortTable"
      >
        <thead
          class=""
        >
          <tr
            aria-rowindex="1"
          >
            <th
              class="myCustomPriceClass "
              scope="col"
            >
              <button
                style="background: none; width: 100%; text-align: left;"
                type="button"
              >
                <span
                  aria-hidden="true"
                  data-icontype="sortable"
                  style="display: inline-block; padding-right: 5px;"
                >
                  <svg
                    class="bi bi-arrow-down-up"
                    fill="#ccc"
                    height="20"
                    viewBox="0 0 16 16"
                    width="20"
                    xmlns="http://www.w3.org/2000/svg"
                  >
                    <path
                      d="M11.5 15a.5.5 0 0 0 .5-.5V2.707l3.146 3.147a.5.5 0 0 0 .708-.708l-4-4a.5.5 0 0 0-.708 0l-4 4a.5.5 0 1 0 .708.708L11 2.707V14.5a.5.5 0 0 0 .5.5zm-7-14a.5.5 0 0 1 .5.5v11.793l3.146-3.147a.5.5 0 0 1 .708.708l-4 4a.5.5 0 0 1-.708 0l-4-4a.5.5 0 0 1 .708-.708L4 13.293V1.5a.5.5 0 0 1 .5-.5z"
                      fill-rule="evenodd"
                    />
                  </svg>
                </span>
                Price
              </button>
            </th>
            <th
              class=" "
              scope="col"
            >
              <button
                style="background: none; width: 100%; text-align: left;"
                type="button"
              >
                <span
                  aria-hidden="true"
                  data-icontype="sortable"
                  style="display: inline-block; padding-right: 5px;"
                >
                  <svg
                    class="bi bi-arrow-down-up"
                    fill="#ccc"
                    height="20"
                    viewBox="0 0 16 16"
                    width="20"
                    xmlns="http://www.w3.org/2000/svg"
                  >
                    <path
                      d="M11.5 15a.5.5 0 0 0 .5-.5V2.707l3.146 3.147a.5.5 0 0 0 .708-.708l-4-4a.5.5 0 0 0-.708 0l-4 4a.5.5 0 1 0 .708.708L11 2.707V14.5a.5.5 0 0 0 .5.5zm-7-14a.5.5 0 0 1 .5.5v11.793l3.146-3.147a.5.5 0 0 1 .708.708l-4 4a.5.5 0 0 1-.708 0l-4-4a.5.5 0 0 1 .708-.708L4 13.293V1.5a.5.5 0 0 1 .5-.5z"
                      fill-rule="evenodd"
                    />
                  </svg>
                </span>
                Product Name
              </button>
            </th>
            <th
              class=" "
              scope="col"
            >
              <button
                style="background: none; width: 100%; text-align: left;"
                type="button"
              >
                <span
                  aria-hidden="true"
                  data-icontype="sortable"
                  style="display: inline-block; padding-right: 5px;"
                >
                  <svg
                    class="bi bi-arrow-down-up"
                    fill="#ccc"
                    height="20"
                    viewBox="0 0 16 16"
                    width="20"
                    xmlns="http://www.w3.org/2000/svg"
                  >
                    <path
                      d="M11.5 15a.5.5 0 0 0 .5-.5V2.707l3.146 3.147a.5.5 0 0 0 .708-.708l-4-4a.5.5 0 0 0-.708 0l-4 4a.5.5 0 1 0 .708.708L11 2.707V14.5a.5.5 0 0 0 .5.5zm-7-14a.5.5 0 0 1 .5.5v11.793l3.146-3.147a.5.5 0 0 1 .708.708l-4 4a.5.5 0 0 1-.708 0l-4-4a.5.5 0 0 1 .708-.708L4 13.293V1.5a.5.5 0 0 1 .5-.5z"
                      fill-rule="evenodd"
                    />
                  </svg>
                </span>
                Stock
              </button>
            </th>
            <th
              class=" "
              scope="col"
            >
              <button
                style="background: none; width: 100%; text-align: left;"
                type="button"
              >
                <span
                  aria-hidden="true"
                  data-icontype="sortable"
                  style="display: inline-block; padding-right: 5px;"
                >
                  <svg
                    class="bi bi-arrow-down-up"
                    fill="#ccc"
                    height="20"
                    viewBox="0 0 16 16"
                    width="20"
                    xmlns="http://www.w3.org/2000/svg"
                  >
                    <path
                      d="M11.5 15a.5.5 0 0 0 .5-.5V2.707l3.146 3.147a.5.5 0 0 0 .708-.708l-4-4a.5.5 0 0 0-.708 0l-4 4a.5.5 0 1 0 .708.708L11 2.707V14.5a.5.5 0 0 0 .5.5zm-7-14a.5.5 0 0 1 .5.5v11.793l3.146-3.147a.5.5 0 0 1 .708.708l-4 4a.5.5 0 0 1-.708 0l-4-4a.5.5 0 0 1 .708-.708L4 13.293V1.5a.5.5 0 0 1 .5-.5z"
                      fill-rule="evenodd"
                    />
                  </svg>
                </span>
                Sale day
              </button>
            </th>
            <th
              class=" "
              scope="col"
              style="color: purple;"
            >
              Link
            </th>
          </tr>
        </thead>
        <tbody
          data-testid="sortTableBody"
        >
          <tr>
            <td
              class=" "
              data-sorttable-data-cell="true"
            >
              $4.90
            </td>
            <th
              class=" "
              data-sorttable-data-cell="true"
              scope="row"
            >
              Cheese
            </th>
            <td
              class=" "
              data-sorttable-data-cell="true"
            >
              20
            </td>
            <td
              class=" "
              data-sorttable-data-cell="true"
            >
              Friday
            </td>
            <td
              class="undefined "
              data-sorttable-data-cell="true"
            >
              
            </td>
          </tr>
        </tbody>
      </table>
    </div>
    <div
      class="row"
      style=""
    >
      <div
        class="col-sm"
        data-pagination-summary="true"
        id="sortTableRowsShownSummary"
      >
        <span>
          1 - 1 of 11 entries.
        </span>
      </div>
      <div
        class="col-sm"
      >
        <div>
          <div
            class="text-right text-end"
            data-skip-pagination-wrapper="true"
          >
            <a
              data-skip-pagination-link="true"
              href="#sortTableEndPagination"
            >
              Skip pagination
            </a>
          </div>
          <nav
            aria-label="Table pagination"
          >
            <ul
              class="pagination pagination-sm justify-content-end"
              data-pagination="true"
            >
              <li
                class="page-item disabled "
                data-pagination-previous-button="true"
              >
                <button
                  aria-label="Previous page"
                  class="page-link "
                  disabled=""
                  type="button"
                >
                  <span
                    aria-hidden="true"
                  >
                    «
                  </span>
                </button>
              </li>
              <li>
                <select
                  aria-label="Show page number"
                  class="form-select form-select-sm custom-select custom-select-sm"
                  data-pagination-select="true"
                  style="width: 6em;"
                >
                  <option
                    value="1"
                  >
                    1
                  </option>
                  <option
                    value="2"
                  >
                    2
                  </option>
                  <option
                    value="3"
                  >
                    3
                  </option>
                  <option
                    value="4"
                  >
                    4
                  </option>
                  <option
                    value="5"
                  >
                    5
                  </option>
                  <option
                    value="6"
                  >
                    6
                  </option>
                  <option
                    value="7"
                  >
                    7
                  </option>
                  <option
                    value="8"
                  >
                    8
                  </option>
                  <option
                    value="9"
                  >
                    9
                  </option>
                  <option
                    value="10"
                  >
                    10
                  </option>
                  <option
                    value="11"
                  >
                    11
                  </option>
                </select>
              </li>
              <li
                class="page-item  "
                data-pagination-next-button="true"
              >
                <button
                  aria-label="Next page"
                  class="page-link "
                  type="button"
                >
                  <span
                    aria-hidden="true"
                  >
                    »
                  </span>
                </button>
              </li>
            </ul>
          </nav>
          <div
            id="sortTableEndPagination"
          />
        </div>
      </div>
    </div>
  </div>
</div>
`;
