// Jest Snapshot v1, https://goo.gl/fbAQLP

exports[`Sort Table tests Expected number of rows in table 1`] = `
<SortTable
  headers={
    Array [
      Object {
        "key": "name",
        "name": "Product Name",
        "rowheader": true,
        "type": "alpha",
      },
      Object {
        "key": "price",
        "name": "Price",
      },
      Object {
        "key": "stock",
        "name": "Stock",
        "noFilter": true,
      },
      Object {
        "key": "url",
        "name": "Link",
        "noFilter": true,
        "noSort": true,
      },
    ]
  }
  initialSort="name"
  showFilter={true}
  tableData={
    Array [
      Object {
        "hide": false,
        "id": 1,
        "name": "Cheese",
        "price": "$4.90",
        "stock": 20,
      },
      Object {
        "hide": false,
        "id": 2,
        "name": "Milk",
        "price": "$1.90",
        "stock": 4,
      },
      Object {
        "hide": false,
        "id": 3,
        "name": "Yoghurt",
        "price": "$2.40",
        "stock": 12,
      },
      Object {
        "hide": false,
        "id": 4,
        "name": "Heavy Cream",
        "price": "$3.90",
        "stock": 9,
      },
      Object {
        "hide": false,
        "id": 5,
        "name": "Butter",
        "price": "$0.90",
        "stock": 99,
      },
      Object {
        "hide": false,
        "id": 6,
        "name": "Sour Cream",
        "price": "$2.90",
        "stock": 86,
      },
      Object {
        "hide": false,
        "id": 7,
        "name": "Fancy French Cheese",
        "price": "$99.0",
        "stock": 15,
        "url": <a
          href="https://google.com"
        >
          hello google
        </a>,
      },
    ]
  }
>
  <div
    className="container-fluid"
    id="sortTable"
  >
    <div
      className="row"
      style={
        Object {
          "marginBottom": "15px",
        }
      }
    >
      <div
        className="col"
        style={
          Object {
            "textAlign": "right",
          }
        }
      >
        <Filter
          id="sortTable"
          label="Filter"
          onChange={[Function]}
          value=""
        >
          <div
            className="form-inline justify-content-end"
            data-filter={true}
          >
            <div
              className="form-group"
            >
              <label
                htmlFor="sortTableFilterInput"
              >
                Filter
              </label>
              <input
                className="form-control"
                data-filter-input={true}
                id="sortTableFilterInput"
                onChange={[Function]}
                style={
                  Object {
                    "marginLeft": "0.75em",
                  }
                }
                type="text"
                value=""
              />
            </div>
          </div>
        </Filter>
         
      </div>
    </div>
    <div
      className="row"
    >
      <table
        className="table"
      >
        <thead>
          <tr>
            <th
              key="name"
              scope="col"
            >
              <button
                onClick={[Function]}
                style={
                  Object {
                    "background": "none",
                    "border": "none",
                    "padding": "none",
                  }
                }
                type="button"
              >
                <SortIcons
                  sortAsc={true}
                  type="alpha"
                >
                  <svg
                    aria-hidden="true"
                    aria-label="Sorted ascending"
                    role="img"
                    style={
                      Object {
                        "display": "inline-block",
                        "height": "20px",
                        "paddingRight": "5px",
                        "width": "20px",
                      }
                    }
                    viewBox="0 0 448 512"
                    xmlns="http://www.w3.org/2000/svg"
                  >
                    <path
                      className="alphaAscending"
                      d="M176 352h-48V48a16 16 0 0 0-16-16H80a16 16 0 0 0-16 16v304H16c-14.19 0-21.36 17.24-11.29 27.31l80 96a16 16 0 0 0 22.62 0l80-96C197.35 369.26 190.22 352 176 352zm240-64H288a16 16 0 0 0-16 16v32a16 16 0 0 0 16 16h56l-61.26 70.45A32 32 0 0 0 272 446.37V464a16 16 0 0 0 16 16h128a16 16 0 0 0 16-16v-32a16 16 0 0 0-16-16h-56l61.26-70.45A32 32 0 0 0 432 321.63V304a16 16 0 0 0-16-16zm31.06-85.38l-59.27-160A16 16 0 0 0 372.72 32h-41.44a16 16 0 0 0-15.07 10.62l-59.27 160A16 16 0 0 0 272 224h24.83a16 16 0 0 0 15.23-11.08l4.42-12.92h71l4.41 12.92A16 16 0 0 0 407.16 224H432a16 16 0 0 0 15.06-21.38zM335.61 144L352 96l16.39 48z"
                      fill="#000000"
                    />
                  </svg>
                </SortIcons>
                Product Name
              </button>
            </th>
            <th
              key="price"
              scope="col"
            >
              <button
                onClick={[Function]}
                style={
                  Object {
                    "background": "none",
                    "border": "none",
                    "padding": "none",
                  }
                }
                type="button"
              >
                <SortIcons
                  color="#ccc"
                  sortAsc={true}
                  type="sortable"
                >
                  <svg
                    aria-hidden="true"
                    aria-label="Sorted ascending"
                    role="img"
                    style={
                      Object {
                        "display": "inline-block",
                        "height": "20px",
                        "paddingRight": "5px",
                        "width": "20px",
                      }
                    }
                    viewBox="0 0 448 512"
                    xmlns="http://www.w3.org/2000/svg"
                  >
                    <path
                      className="defaultDescending"
                      d="M176 352h-48V48a16 16 0 0 0-16-16H80a16 16 0 0 0-16 16v304H16c-14.19 0-21.36 17.24-11.29 27.31l80 96a16 16 0 0 0 22.62 0l80-96C197.35 369.26 190.22 352 176 352zm203.29-219.31l-80-96a16 16 0 0 0-22.62 0l-80 96C186.65 142.74 193.78 160 208 160h48v304a16 16 0 0 0 16 16h32a16 16 0 0 0 16-16V160h48c14.19 0 21.36-17.24 11.29-27.31z"
                      fill="#ccc"
                    />
                  </svg>
                </SortIcons>
                Price
              </button>
            </th>
            <th
              key="stock"
              scope="col"
            >
              <button
                onClick={[Function]}
                style={
                  Object {
                    "background": "none",
                    "border": "none",
                    "padding": "none",
                  }
                }
                type="button"
              >
                <SortIcons
                  color="#ccc"
                  sortAsc={true}
                  type="sortable"
                >
                  <svg
                    aria-hidden="true"
                    aria-label="Sorted ascending"
                    role="img"
                    style={
                      Object {
                        "display": "inline-block",
                        "height": "20px",
                        "paddingRight": "5px",
                        "width": "20px",
                      }
                    }
                    viewBox="0 0 448 512"
                    xmlns="http://www.w3.org/2000/svg"
                  >
                    <path
                      className="defaultDescending"
                      d="M176 352h-48V48a16 16 0 0 0-16-16H80a16 16 0 0 0-16 16v304H16c-14.19 0-21.36 17.24-11.29 27.31l80 96a16 16 0 0 0 22.62 0l80-96C197.35 369.26 190.22 352 176 352zm203.29-219.31l-80-96a16 16 0 0 0-22.62 0l-80 96C186.65 142.74 193.78 160 208 160h48v304a16 16 0 0 0 16 16h32a16 16 0 0 0 16-16V160h48c14.19 0 21.36-17.24 11.29-27.31z"
                      fill="#ccc"
                    />
                  </svg>
                </SortIcons>
                Stock
              </button>
            </th>
            <th
              key="url"
              scope="col"
            >
              Link
            </th>
          </tr>
        </thead>
        <tbody>
          <tr
            key="5"
          >
            <th
              data-sorttable-data-cell={true}
              key="5name"
              scope="row"
            >
              Butter
            </th>
            <td
              data-sorttable-data-cell={true}
              key="5price"
            >
              $0.90
            </td>
            <td
              data-sorttable-data-cell={true}
              key="5stock"
            >
              99
            </td>
            <td
              data-sorttable-data-cell={true}
              key="5url"
            />
          </tr>
          <tr
            key="1"
          >
            <th
              data-sorttable-data-cell={true}
              key="1name"
              scope="row"
            >
              Cheese
            </th>
            <td
              data-sorttable-data-cell={true}
              key="1price"
            >
              $4.90
            </td>
            <td
              data-sorttable-data-cell={true}
              key="1stock"
            >
              20
            </td>
            <td
              data-sorttable-data-cell={true}
              key="1url"
            />
          </tr>
          <tr
            key="7"
          >
            <th
              data-sorttable-data-cell={true}
              key="7name"
              scope="row"
            >
              Fancy French Cheese
            </th>
            <td
              data-sorttable-data-cell={true}
              key="7price"
            >
              $99.0
            </td>
            <td
              data-sorttable-data-cell={true}
              key="7stock"
            >
              15
            </td>
            <td
              data-sorttable-data-cell={true}
              key="7url"
            >
              <a
                href="https://google.com"
              >
                hello google
              </a>
            </td>
          </tr>
          <tr
            key="4"
          >
            <th
              data-sorttable-data-cell={true}
              key="4name"
              scope="row"
            >
              Heavy Cream
            </th>
            <td
              data-sorttable-data-cell={true}
              key="4price"
            >
              $3.90
            </td>
            <td
              data-sorttable-data-cell={true}
              key="4stock"
            >
              9
            </td>
            <td
              data-sorttable-data-cell={true}
              key="4url"
            />
          </tr>
          <tr
            key="2"
          >
            <th
              data-sorttable-data-cell={true}
              key="2name"
              scope="row"
            >
              Milk
            </th>
            <td
              data-sorttable-data-cell={true}
              key="2price"
            >
              $1.90
            </td>
            <td
              data-sorttable-data-cell={true}
              key="2stock"
            >
              4
            </td>
            <td
              data-sorttable-data-cell={true}
              key="2url"
            />
          </tr>
          <tr
            key="6"
          >
            <th
              data-sorttable-data-cell={true}
              key="6name"
              scope="row"
            >
              Sour Cream
            </th>
            <td
              data-sorttable-data-cell={true}
              key="6price"
            >
              $2.90
            </td>
            <td
              data-sorttable-data-cell={true}
              key="6stock"
            >
              86
            </td>
            <td
              data-sorttable-data-cell={true}
              key="6url"
            />
          </tr>
          <tr
            key="3"
          >
            <th
              data-sorttable-data-cell={true}
              key="3name"
              scope="row"
            >
              Yoghurt
            </th>
            <td
              data-sorttable-data-cell={true}
              key="3price"
            >
              $2.40
            </td>
            <td
              data-sorttable-data-cell={true}
              key="3stock"
            >
              12
            </td>
            <td
              data-sorttable-data-cell={true}
              key="3url"
            />
          </tr>
        </tbody>
      </table>
    </div>
    <div
      className="row"
    >
      <div
        className="col"
      >
        Showing 1 to 7 of 7 entries (filtered from 7 total entries)
      </div>
    </div>
  </div>
</SortTable>
`;
